---
source: crates/cli/src/tui/render.rs
expression: text
---

 r ryuzi · setup
 ╭CHOOSE GATEWAYS─────────────────────────────────────────────────────────────╮
 │ Space toggles · Enter continues · Esc cancels · pick at least one          │
 │                                                                            │
 │ › [x] Discord — Drive sessions from a Discord server                       │
 │                                                                            │
 │                                                                            │
 │                                                                            │
 │                                                                            │
 │                                                                            │
 │                                                                            │
 │                                                                            │
 │                                                                            │
 │                                                                            │
 │                                                                            │
 │                                                                            │
 │                                                                            │
 │                                                                            │
 │                                                                            │
 │                                                                            │
 │                                                                            │
 ╰────────────────────────────────────────────────────────────────────────────╯
